Archive member included to satisfy reference by file (symbol)

c:/program files/simplicity studio/v4/developer/toolchains/gnu_arm/7.2_2017q4/bin/../lib/gcc/arm-none-eabi/7.2.1/thumb/v7-m\libgcc.a(_aeabi_uldivmod.o)
                              ./emlib/em_usart.o (__aeabi_uldivmod)
c:/program files/simplicity studio/v4/developer/toolchains/gnu_arm/7.2_2017q4/bin/../lib/gcc/arm-none-eabi/7.2.1/thumb/v7-m\libgcc.a(_udivmoddi4.o)
                              c:/program files/simplicity studio/v4/developer/toolchains/gnu_arm/7.2_2017q4/bin/../lib/gcc/arm-none-eabi/7.2.1/thumb/v7-m\libgcc.a(_aeabi_uldivmod.o) (__udivmoddi4)
c:/program files/simplicity studio/v4/developer/toolchains/gnu_arm/7.2_2017q4/bin/../lib/gcc/arm-none-eabi/7.2.1/thumb/v7-m\libgcc.a(_dvmd_tls.o)
                              c:/program files/simplicity studio/v4/developer/toolchains/gnu_arm/7.2_2017q4/bin/../lib/gcc/arm-none-eabi/7.2.1/thumb/v7-m\libgcc.a(_aeabi_uldivmod.o) (__aeabi_ldiv0)
c:/program files/simplicity studio/v4/developer/toolchains/gnu_arm/7.2_2017q4/bin/../lib/gcc/arm-none-eabi/7.2.1/../../../../arm-none-eabi/lib/thumb/v7-m\libc_nano.a(lib_a-abs.o)
                              ./Drivers/segmentlcd.o (abs)
c:/program files/simplicity studio/v4/developer/toolchains/gnu_arm/7.2_2017q4/bin/../lib/gcc/arm-none-eabi/7.2.1/../../../../arm-none-eabi/lib/thumb/v7-m\libc_nano.a(lib_a-exit.o)
                              c:/program files/simplicity studio/v4/developer/toolchains/gnu_arm/7.2_2017q4/bin/../lib/gcc/arm-none-eabi/7.2.1/../../../../arm-none-eabi/lib/thumb/v7-m/crt0.o (exit)
c:/program files/simplicity studio/v4/developer/toolchains/gnu_arm/7.2_2017q4/bin/../lib/gcc/arm-none-eabi/7.2.1/../../../../arm-none-eabi/lib/thumb/v7-m\libc_nano.a(lib_a-impure.o)
                              c:/program files/simplicity studio/v4/developer/toolchains/gnu_arm/7.2_2017q4/bin/../lib/gcc/arm-none-eabi/7.2.1/../../../../arm-none-eabi/lib/thumb/v7-m\libc_nano.a(lib_a-exit.o) (_global_impure_ptr)
c:/program files/simplicity studio/v4/developer/toolchains/gnu_arm/7.2_2017q4/bin/../lib/gcc/arm-none-eabi/7.2.1/../../../../arm-none-eabi/lib/thumb/v7-m\libc_nano.a(lib_a-init.o)
                              c:/program files/simplicity studio/v4/developer/toolchains/gnu_arm/7.2_2017q4/bin/../lib/gcc/arm-none-eabi/7.2.1/../../../../arm-none-eabi/lib/thumb/v7-m/crt0.o (__libc_init_array)
c:/program files/simplicity studio/v4/developer/toolchains/gnu_arm/7.2_2017q4/bin/../lib/gcc/arm-none-eabi/7.2.1/../../../../arm-none-eabi/lib/thumb/v7-m\libc_nano.a(lib_a-memcpy-stub.o)
                              ./BSP/bsp_stk.o (memcpy)
c:/program files/simplicity studio/v4/developer/toolchains/gnu_arm/7.2_2017q4/bin/../lib/gcc/arm-none-eabi/7.2.1/../../../../arm-none-eabi/lib/thumb/v7-m\libc_nano.a(lib_a-memset.o)
                              c:/program files/simplicity studio/v4/developer/toolchains/gnu_arm/7.2_2017q4/bin/../lib/gcc/arm-none-eabi/7.2.1/../../../../arm-none-eabi/lib/thumb/v7-m/crt0.o (memset)
c:/program files/simplicity studio/v4/developer/toolchains/gnu_arm/7.2_2017q4/bin/../lib/gcc/arm-none-eabi/7.2.1/../../../../arm-none-eabi/lib/thumb/v7-m\libc_nano.a(lib_a-strlen.o)
                              ./Drivers/segmentlcd.o (strlen)
c:/program files/simplicity studio/v4/developer/toolchains/gnu_arm/7.2_2017q4/bin/../lib/gcc/arm-none-eabi/7.2.1/../../../../arm-none-eabi/lib/thumb/v7-m\libnosys.a(_exit.o)
                              c:/program files/simplicity studio/v4/developer/toolchains/gnu_arm/7.2_2017q4/bin/../lib/gcc/arm-none-eabi/7.2.1/../../../../arm-none-eabi/lib/thumb/v7-m\libc_nano.a(lib_a-exit.o) (_exit)

Allocating common symbols
Common symbol       size              file

btn0Flag            0x1               ./src/main.o
btn1Flag            0x1               ./src/main.o
lowerCharSegments   0xe               ./src/main.o
timerFlag           0x1               ./src/main.o

Discarded input sections

 .text          0x00000000        0x0 c:/program files/simplicity studio/v4/developer/toolchains/gnu_arm/7.2_2017q4/bin/../lib/gcc/arm-none-eabi/7.2.1/thumb/v7-m/crti.o
 .data          0x00000000        0x0 c:/program files/simplicity studio/v4/developer/toolchains/gnu_arm/7.2_2017q4/bin/../lib/gcc/arm-none-eabi/7.2.1/thumb/v7-m/crti.o
 .bss           0x00000000        0x0 c:/program files/simplicity studio/v4/developer/toolchains/gnu_arm/7.2_2017q4/bin/../lib/gcc/arm-none-eabi/7.2.1/thumb/v7-m/crti.o
 .data          0x00000000        0x4 c:/program files/simplicity studio/v4/developer/toolchains/gnu_arm/7.2_2017q4/bin/../lib/gcc/arm-none-eabi/7.2.1/thumb/v7-m/crtbegin.o
 .data          0x00000000        0x0 c:/program files/simplicity studio/v4/developer/toolchains/gnu_arm/7.2_2017q4/bin/../lib/gcc/arm-none-eabi/7.2.1/../../../../arm-none-eabi/lib/thumb/v7-m/crt0.o
[...]
Memory Configuration

Name             Origin             Length             Attributes
FLASH            0x00000000         0x00100000         xr
RAM              0x20000000         0x00020000         xrw
*default*        0x00000000         0xffffffff

Linker script and memory map

LOAD c:/program files/simplicity studio/v4/developer/toolchains/gnu_arm/7.2_2017q4/bin/../lib/gcc/arm-none-eabi/7.2.1/thumb/v7-m/crti.o
LOAD c:/program files/simplicity studio/v4/developer/toolchains/gnu_arm/7.2_2017q4/bin/../lib/gcc/arm-none-eabi/7.2.1/thumb/v7-m/crtbegin.o
LOAD c:/program files/simplicity studio/v4/developer/toolchains/gnu_arm/7.2_2017q4/bin/../lib/gcc/arm-none-eabi/7.2.1/../../../../arm-none-eabi/lib/thumb/v7-m/crt0.o
LOAD ./BSP/bsp_bcc.o
LOAD ./BSP/bsp_stk.o
LOAD ./BSP/bsp_stk_leds.o
LOAD ./BSP/bsp_trace.o
LOAD ./CMSIS/EFM32GG/startup_gcc_efm32gg.o
LOAD ./CMSIS/EFM32GG/system_efm32gg.o
LOAD ./Drivers/gpiointerrupt.o
LOAD ./Drivers/segmentlcd.o
LOAD ./emlib/em_assert.o
LOAD ./emlib/em_cmu.o
LOAD ./emlib/em_core.o
LOAD ./emlib/em_ebi.o
LOAD ./emlib/em_emu.o
LOAD ./emlib/em_gpio.o
LOAD ./emlib/em_lcd.o
LOAD ./emlib/em_system.o
LOAD ./emlib/em_timer.o
LOAD ./emlib/em_usart.o
LOAD ./src/functions.o
LOAD ./src/main.o
LOAD ./src/segmentlcd_individual.o
START GROUP
LOAD c:/program files/simplicity studio/v4/developer/toolchains/gnu_arm/7.2_2017q4/bin/../lib/gcc/arm-none-eabi/7.2.1/thumb/v7-m\libgcc.a
LOAD c:/program files/simplicity studio/v4/developer/toolchains/gnu_arm/7.2_2017q4/bin/../lib/gcc/arm-none-eabi/7.2.1/../../../../arm-none-eabi/lib/thumb/v7-m\libc_nano.a
LOAD c:/program files/simplicity studio/v4/developer/toolchains/gnu_arm/7.2_2017q4/bin/../lib/gcc/arm-none-eabi/7.2.1/../../../../arm-none-eabi/lib/thumb/v7-m\libnosys.a
END GROUP
START GROUP
LOAD c:/program files/simplicity studio/v4/developer/toolchains/gnu_arm/7.2_2017q4/bin/../lib/gcc/arm-none-eabi/7.2.1/thumb/v7-m\libgcc.a
LOAD c:/program files/simplicity studio/v4/developer/toolchains/gnu_arm/7.2_2017q4/bin/../lib/gcc/arm-none-eabi/7.2.1/../../../../arm-none-eabi/lib/thumb/v7-m\libg_nano.a
LOAD c:/program files/simplicity studio/v4/developer/toolchains/gnu_arm/7.2_2017q4/bin/../lib/gcc/arm-none-eabi/7.2.1/../../../../arm-none-eabi/lib/thumb/v7-m\libc_nano.a
END GROUP
START GROUP
LOAD c:/program files/simplicity studio/v4/developer/toolchains/gnu_arm/7.2_2017q4/bin/../lib/gcc/arm-none-eabi/7.2.1/thumb/v7-m\libgcc.a
LOAD c:/program files/simplicity studio/v4/developer/toolchains/gnu_arm/7.2_2017q4/bin/../lib/gcc/arm-none-eabi/7.2.1/../../../../arm-none-eabi/lib/thumb/v7-m\libc_nano.a
END GROUP
LOAD c:/program files/simplicity studio/v4/developer/toolchains/gnu_arm/7.2_2017q4/bin/../lib/gcc/arm-none-eabi/7.2.1/thumb/v7-m/crtend.o
LOAD c:/program files/simplicity studio/v4/developer/toolchains/gnu_arm/7.2_2017q4/bin/../lib/gcc/arm-none-eabi/7.2.1/thumb/v7-m/crtn.o

.text           0x00000000     0x34a4
 *(.vectors)
 .vectors       0x00000000       0xdc ./CMSIS/EFM32GG/startup_gcc_efm32gg.o
                0x00000000                __Vectors
                0x000000dc                __Vectors_End = .
                0x000000dc                __Vectors_Size = (__Vectors_End - __Vectors)
                0x000000dc                __end__ = .
 *(.text*)
 .text          0x000000dc       0x40 c:/program files/simplicity studio/v4/developer/toolchains/gnu_arm/7.2_2017q4/bin/../lib/gcc/arm-none-eabi/7.2.1/thumb/v7-m/crtbegin.o
 .text          0x0000011c       0x74 c:/program files/simplicity studio/v4/developer/toolchains/gnu_arm/7.2_2017q4/bin/../lib/gcc/arm-none-eabi/7.2.1/../../../../arm-none-eabi/lib/thumb/v7-m/crt0.o
                0x0000011c                _start
                0x0000011c                _mainCRTStartup
 .text          0x00000190       0x30 ./CMSIS/EFM32GG/startup_gcc_efm32gg.o
                0x00000190                Reset_Handler
                0x000001bc                DebugMon_Handler
                0x000001bc                USART0_TX_IRQHandler
                0x000001bc                I2C0_IRQHandler
                0x000001bc                HardFault_Handler
                0x000001bc                LEUART1_IRQHandler
                0x000001bc                SysTick_Handler
                0x000001bc                USART1_RX_IRQHandler
                0x000001bc                PendSV_Handler
                0x000001bc                NMI_Handler
                0x000001bc                I2C1_IRQHandler
                0x000001bc                TIMER3_IRQHandler
                0x000001bc                USART1_TX_IRQHandler
                0x000001bc                MSC_IRQHandler
                0x000001bc                ADC0_IRQHandler
                0x000001bc                UsageFault_Handler
                0x000001bc                LEUART0_IRQHandler
                0x000001bc                UART0_TX_IRQHandler
                0x000001bc                UART1_TX_IRQHandler
                0x000001bc                RTC_IRQHandler
                0x000001bc                TIMER2_IRQHandler
                0x000001bc                LCD_IRQHandler
                0x000001bc                PCNT2_IRQHandler
                0x000001bc                UART0_RX_IRQHandler
                0x000001bc                LETIMER0_IRQHandler
                0x000001bc                TIMER1_IRQHandler
                0x000001bc                USART2_RX_IRQHandler
                0x000001bc                Default_Handler
                0x000001bc                EMU_IRQHandler
                0x000001bc                PCNT0_IRQHandler
                0x000001bc                sl_app_properties
                0x000001bc                USB_IRQHandler
                0x000001bc                BURTC_IRQHandler
                0x000001bc                PCNT1_IRQHandler
                0x000001bc                ACMP0_IRQHandler
                0x000001bc                USART0_RX_IRQHandler
                0x000001bc                MemManage_Handler
                0x000001bc                SVC_Handler
                0x000001bc                DAC0_IRQHandler
                0x000001bc                UART1_RX_IRQHandler
                0x000001bc                CMU_IRQHandler
                0x000001bc                EBI_IRQHandler
                0x000001bc                LESENSE_IRQHandler
                0x000001bc                AES_IRQHandler
                0x000001bc                VCMP_IRQHandler
                0x000001bc                DMA_IRQHandler
                0x000001bc                BusFault_Handler
                0x000001bc                USART2_TX_IRQHandler
 .text.GetProdRev
                0x000001c0       0x18 ./CMSIS/EFM32GG/system_efm32gg.o
 .text.SystemCoreClockGet
                0x000001d8       0x34 ./CMSIS/EFM32GG/system_efm32gg.o
                0x000001d8                SystemCoreClockGet
 .text.SystemMaxCoreClockGet
                0x0000020c       0x14 ./CMSIS/EFM32GG/system_efm32gg.o
                0x0000020c                SystemMaxCoreClockGet
 .text.SystemHFClockGet
                0x00000220      0x100 ./CMSIS/EFM32GG/system_efm32gg.o
                0x00000220                SystemHFClockGet
 .text.SystemHFXOClockGet
                0x00000320       0x14 ./CMSIS/EFM32GG/system_efm32gg.o
                0x00000320                SystemHFXOClockGet
 .text.SystemInit
                0x00000334       0x1c ./CMSIS/EFM32GG/system_efm32gg.o
                0x00000334                SystemInit
 .text.__NVIC_EnableIRQ
                0x00000350       0x38 ./Drivers/gpiointerrupt.o
 .text.__NVIC_ClearPendingIRQ
                0x00000388       0x3c ./Drivers/gpiointerrupt.o
 .text.GPIO_IntClear
                0x000003c4       0x20 ./Drivers/gpiointerrupt.o
 .text.GPIO_IntGetEnabled
                0x000003e4       0x28 ./Drivers/gpiointerrupt.o
 .text.SL_CTZ   0x0000040c       0x26 ./Drivers/gpiointerrupt.o
 .text.GPIOINT_Init
                0x00000432       0x20 ./Drivers/gpiointerrupt.o
                0x00000432                GPIOINT_Init
 *fill*         0x00000452        0x2 
 .text.GPIOINT_CallbackRegister
                0x00000454       0x30 ./Drivers/gpiointerrupt.o
                0x00000454                GPIOINT_CallbackRegister
 .text.GPIOINT_IRQDispatcher
                0x00000484       0x50 ./Drivers/gpiointerrupt.o
 .text.GPIO_EVEN_IRQHandler
                0x000004d4       0x28 ./Drivers/gpiointerrupt.o
                0x000004d4                GPIO_EVEN_IRQHandler
 .text.GPIO_ODD_IRQHandler
                0x000004fc       0x28 ./Drivers/gpiointerrupt.o
                0x000004fc                GPIO_ODD_IRQHandler
 .text.LCD_FreezeEnable
                0x00000524       0x2c ./Drivers/segmentlcd.o
 .text.LCD_SyncBusyDelay
                0x00000550       0x24 ./Drivers/segmentlcd.o
 .text.LCD_IntDisable
                0x00000574       0x24 ./Drivers/segmentlcd.o
 .text.SegmentLCD_AllOff
                0x00000598       0xac ./Drivers/segmentlcd.o
                0x00000598                SegmentLCD_AllOff
 .text.SegmentLCD_Init
                0x00000644       0xb8 ./Drivers/segmentlcd.o
                0x00000644                SegmentLCD_Init
 .text.SegmentLCD_Number
                0x000006fc      0x128 ./Drivers/segmentlcd.o
                0x000006fc                SegmentLCD_Number
 .text.SegmentLCD_NumberOff
                0x00000824       0x4e ./Drivers/segmentlcd.o
                0x00000824                SegmentLCD_NumberOff
 *fill*         0x00000872        0x2 
 .text.SegmentLCD_Symbol
                0x00000874      0x118 ./Drivers/segmentlcd.o
                0x00000874                SegmentLCD_Symbol
 .text.assertEFM
                0x0000098c        0xc ./emlib/em_assert.o
                0x0000098c                assertEFM
 .text.BUS_RegBitWrite
                0x00000998       0x2c ./emlib/em_cmu.o
 .text.BUS_RegBitRead
                0x000009c4       0x28 ./emlib/em_cmu.o
 .text.CMU_DivToLog2
                0x000009ec       0x3c ./emlib/em_cmu.o
 .text.SYSTEM_GetFamily
                0x00000a28       0x18 ./emlib/em_cmu.o
 .text.maxFreqHfle
                0x00000a40       0x88 ./emlib/em_cmu.o
 .text.setHfLeConfig
                0x00000ac8       0x64 ./emlib/em_cmu.o
 .text.flashWaitStateControl
                0x00000b2c       0x98 ./emlib/em_cmu.o
 .text.flashWaitStateMax
                0x00000bc4       0x44 ./emlib/em_cmu.o
 .text.CMU_UpdateWaitStates
                0x00000c08       0x40 ./emlib/em_cmu.o
                0x00000c08                CMU_UpdateWaitStates
 .text.syncReg  0x00000c48       0x34 ./emlib/em_cmu.o
 .text.hfperClkSafePrescaler
                0x00000c7c        0xc ./emlib/em_cmu.o
 .text.hfperClkOptimizedPrescaler
                0x00000c88        0xc ./emlib/em_cmu.o
 .text.CMU_ClockDivSet
                0x00000c94      0x304 ./emlib/em_cmu.o
                0x00000c94                CMU_ClockDivSet
 .text.CMU_ClockEnable
                0x00000f98       0xd4 ./emlib/em_cmu.o
                0x00000f98                CMU_ClockEnable
 .text.CMU_ClockSelectSet
                0x0000106c      0x2d4 ./emlib/em_cmu.o
                0x0000106c                CMU_ClockSelectSet
 .text.CMU_LCDClkFDIVSet
                0x00001340       0x50 ./emlib/em_cmu.o
                0x00001340                CMU_LCDClkFDIVSet
 .text.CMU_OscillatorEnable
                0x00001390       0xc8 ./emlib/em_cmu.o
                0x00001390                CMU_OscillatorEnable
 .text.CORE_EnterAtomic
                0x00001458       0x1e ./emlib/em_core.o
                0x00001458                CORE_EnterAtomic
 .text.CORE_ExitAtomic
                0x00001476       0x1a ./emlib/em_core.o
                0x00001476                CORE_ExitAtomic
 .text.BUS_RegBitWrite
                0x00001490       0x2c ./emlib/em_gpio.o
 .text.BUS_RegMaskedWrite
                0x000014bc       0x28 ./emlib/em_gpio.o
 .text.GPIO_IntClear
                0x000014e4       0x20 ./emlib/em_gpio.o
 .text.GPIO_PinOutClear
                0x00001504       0x98 ./emlib/em_gpio.o
 .text.GPIO_PinOutSet
                0x0000159c       0x98 ./emlib/em_gpio.o
 .text.GPIO_ExtIntConfig
                0x00001634      0x114 ./emlib/em_gpio.o
                0x00001634                GPIO_ExtIntConfig
 .text.GPIO_PinModeSet
                0x00001748      0x15c ./emlib/em_gpio.o
                0x00001748                GPIO_PinModeSet
 .text.LCD_Enable
                0x000018a4       0x38 ./emlib/em_lcd.o
 .text.BUS_RegBitWrite
                0x000018dc       0x2c ./emlib/em_lcd.o
 .text.LCD_Init
                0x00001908       0x8c ./emlib/em_lcd.o
                0x00001908                LCD_Init
 .text.LCD_VLCDSelect
                0x00001994       0x44 ./emlib/em_lcd.o
                0x00001994                LCD_VLCDSelect
 .text.LCD_SegmentRangeEnable
                0x000019d8       0x40 ./emlib/em_lcd.o
                0x000019d8                LCD_SegmentRangeEnable
 .text.LCD_SegmentSet
                0x00001a18      0x1f4 ./emlib/em_lcd.o
                0x00001a18                LCD_SegmentSet
 .text.LCD_SegmentSetLow
                0x00001c0c      0x198 ./emlib/em_lcd.o
                0x00001c0c                LCD_SegmentSetLow
 .text.LCD_SegmentSetHigh
                0x00001da4      0x190 ./emlib/em_lcd.o
                0x00001da4                LCD_SegmentSetHigh
 .text.LCD_VBoostSet
                0x00001f34       0x28 ./emlib/em_lcd.o
                0x00001f34                LCD_VBoostSet
 .text.SYSTEM_ChipRevisionGet
                0x00001f5c       0x88 ./emlib/em_system.o
                0x00001f5c                SYSTEM_ChipRevisionGet
 .text.TIMER_Valid
                0x00001fe4       0x50 ./emlib/em_timer.o
 .text.TIMER_Init
                0x00002034       0xfc ./emlib/em_timer.o
                0x00002034                TIMER_Init
 .text.TIMER_CounterGet
                0x00002130       0x16 ./src/functions.o
 *fill*         0x00002146        0x2 
 .text.delay    0x00002148       0x28 ./src/functions.o
                0x00002148                delay
 .text.eat      0x00002170       0x52 ./src/functions.o
                0x00002170                eat
 .text.step     0x000021c2       0xb0 ./src/functions.o
                0x000021c2                step
 *fill*         0x00002272        0x2 
 .text.decideWhichSegment
                0x00002274       0xbc ./src/functions.o
                0x00002274                decideWhichSegment
 .text.displayOnLCD
                0x00002330       0x84 ./src/functions.o
                0x00002330                displayOnLCD
 .text.putFood  0x000023b4      0x168 ./src/functions.o
                0x000023b4                putFood
 .text.checkBite
                0x0000251c       0x56 ./src/functions.o
                0x0000251c                checkBite
 *fill*         0x00002572        0x2 
 .text.initSnake
                0x00002574       0x80 ./src/functions.o
                0x00002574                initSnake
 .text.gameEndScreen
                0x000025f4       0x60 ./src/functions.o
                0x000025f4                gameEndScreen
 .text.setNext  0x00002654      0x332 ./src/functions.o
                0x00002654                setNext
 *fill*         0x00002986        0x2 
 .text.__NVIC_EnableIRQ
                0x00002988       0x38 ./src/main.o
 .text.SYSTEM_GetProdRev
                0x000029c0       0x18 ./src/main.o
 .text.GPIO_IntConfig
                0x000029d8       0x36 ./src/main.o
 *fill*         0x00002a0e        0x2 
 .text.CHIP_Init
                0x00002a10       0x48 ./src/main.o
 .text.TIMER_MaxCount
                0x00002a58       0x16 ./src/main.o
 *fill*         0x00002a6e        0x2 
 .text.TIMER_CounterSet
                0x00002a70       0x34 ./src/main.o
 .text.TIMER_IntClear
                0x00002aa4       0x1a ./src/main.o
 .text.TIMER_IntEnable
                0x00002abe       0x20 ./src/main.o
 *fill*         0x00002ade        0x2 
 .text.TIMER_TopSet
                0x00002ae0       0x34 ./src/main.o
 .text.TIMER0_IRQHandler
                0x00002b14       0x20 ./src/main.o
                0x00002b14                TIMER0_IRQHandler
 .text.gpioCallback
                0x00002b34       0x38 ./src/main.o
                0x00002b34                gpioCallback
 .text.main     0x00002b6c      0x2e0 ./src/main.o
                0x00002b6c                main
 .text.LCD_FreezeEnable
                0x00002e4c       0x2c ./src/segmentlcd_individual.o
 .text.LCD_SyncBusyDelay
                0x00002e78       0x24 ./src/segmentlcd_individual.o
 .text.SegmentLCD_LowerSegments
                0x00002e9c       0xb0 ./src/segmentlcd_individual.o
                0x00002e9c                SegmentLCD_LowerSegments
 .text.abs      0x00002f4c        0x8 c:/program files/simplicity studio/v4/developer/toolchains/gnu_arm/7.2_2017q4/bin/../lib/gcc/arm-none-eabi/7.2.1/../../../../arm-none-eabi/lib/thumb/v7-m\libc_nano.a(lib_a-abs.o)
                0x00002f4c                abs
 .text.exit     0x00002f54       0x28 c:/program files/simplicity studio/v4/developer/toolchains/gnu_arm/7.2_2017q4/bin/../lib/gcc/arm-none-eabi/7.2.1/../../../../arm-none-eabi/lib/thumb/v7-m\libc_nano.a(lib_a-exit.o)
                0x00002f54                exit
 .text.__libc_init_array
                0x00002f7c       0x48 c:/program files/simplicity studio/v4/developer/toolchains/gnu_arm/7.2_2017q4/bin/../lib/gcc/arm-none-eabi/7.2.1/../../../../arm-none-eabi/lib/thumb/v7-m\libc_nano.a(lib_a-init.o)
                0x00002f7c                __libc_init_array
 .text.memset   0x00002fc4       0x10 c:/program files/simplicity studio/v4/developer/toolchains/gnu_arm/7.2_2017q4/bin/../lib/gcc/arm-none-eabi/7.2.1/../../../../arm-none-eabi/lib/thumb/v7-m\libc_nano.a(lib_a-memset.o)
                0x00002fc4                memset
 .text._exit    0x00002fd4        0x4 c:/program files/simplicity studio/v4/developer/toolchains/gnu_arm/7.2_2017q4/bin/../lib/gcc/arm-none-eabi/7.2.1/../../../../arm-none-eabi/lib/thumb/v7-m\libnosys.a(_exit.o)
                0x00002fd4                _exit
 *(.init)
 .init          0x00002fd8        0x4 c:/program files/simplicity studio/v4/developer/toolchains/gnu_arm/7.2_2017q4/bin/../lib/gcc/arm-none-eabi/7.2.1/thumb/v7-m/crti.o
                0x00002fd8                _init
 .init          0x00002fdc        0x8 c:/program files/simplicity studio/v4/developer/toolchains/gnu_arm/7.2_2017q4/bin/../lib/gcc/arm-none-eabi/7.2.1/thumb/v7-m/crtn.o
 *(.fini)
 .fini          0x00002fe4        0x4 c:/program files/simplicity studio/v4/developer/toolchains/gnu_arm/7.2_2017q4/bin/../lib/gcc/arm-none-eabi/7.2.1/thumb/v7-m/crti.o
                0x00002fe4                _fini
 .fini          0x00002fe8        0x8 c:/program files/simplicity studio/v4/developer/toolchains/gnu_arm/7.2_2017q4/bin/../lib/gcc/arm-none-eabi/7.2.1/thumb/v7-m/crtn.o
 *crtbegin.o(.ctors)
 *crtbegin?.o(.ctors)
 *(EXCLUDE_FILE(*crtend.o *crtend?.o) .ctors)
 *(SORT_BY_NAME(.ctors.*))
 *(.ctors)
 *crtbegin.o(.dtors)
 *crtbegin?.o(.dtors)
 *(EXCLUDE_FILE(*crtend.o *crtend?.o) .dtors)
 *(SORT_BY_NAME(.dtors.*))
 *(.dtors)
 *(.rodata*)
 .rodata.EFM_Display
                0x00002ff0      0x1fe ./Drivers/segmentlcd.o
 *fill*         0x000031ee        0x2 
 .rodata.Segment_Numbers
                0x000031f0       0x22 ./Drivers/segmentlcd.o
 *fill*         0x00003212        0x2 
 .rodata.lcdInit
                0x00003214       0x14 ./Drivers/segmentlcd.o
 .rodata        0x00003228       0xe6 ./emlib/em_cmu.o
 *fill*         0x0000330e        0x2 
 .rodata        0x00003310       0x7b ./emlib/em_gpio.o
 *fill*         0x0000338b        0x1 
 .rodata        0x0000338c       0x12 ./emlib/em_lcd.o
 *fill*         0x0000339e        0x2 
 .rodata        0x000033a0       0x15 ./emlib/em_system.o
 *fill*         0x000033b5        0x3 
 .rodata        0x000033b8       0x7c ./emlib/em_timer.o
 .rodata        0x00003434       0x68 ./src/main.o
 .rodata._global_impure_ptr
                0x0000349c        0x4 c:/program files/simplicity studio/v4/developer/toolchains/gnu_arm/7.2_2017q4/bin/../lib/gcc/arm-none-eabi/7.2.1/../../../../arm-none-eabi/lib/thumb/v7-m\libc_nano.a(lib_a-impure.o)
                0x0000349c                _global_impure_ptr
 *(.eh_frame*)
 .eh_frame      0x000034a0        0x0 c:/program files/simplicity studio/v4/developer/toolchains/gnu_arm/7.2_2017q4/bin/../lib/gcc/arm-none-eabi/7.2.1/thumb/v7-m/crtbegin.o
 .eh_frame      0x000034a0        0x4 c:/program files/simplicity studio/v4/developer/toolchains/gnu_arm/7.2_2017q4/bin/../lib/gcc/arm-none-eabi/7.2.1/thumb/v7-m/crtend.o

.glue_7         0x000034a4        0x0
 .glue_7        0x000034a4        0x0 linker stubs

.glue_7t        0x000034a4        0x0
 .glue_7t       0x000034a4        0x0 linker stubs

.vfp11_veneer   0x000034a4        0x0
 .vfp11_veneer  0x000034a4        0x0 linker stubs

.v4_bx          0x000034a4        0x0
 .v4_bx         0x000034a4        0x0 linker stubs

.iplt           0x000034a4        0x0
 .iplt          0x000034a4        0x0 c:/program files/simplicity studio/v4/developer/toolchains/gnu_arm/7.2_2017q4/bin/../lib/gcc/arm-none-eabi/7.2.1/thumb/v7-m/crtbegin.o

.ARM.extab
 *(.ARM.extab* .gnu.linkonce.armextab.*)
                0x000034a4                __exidx_start = .

.ARM.exidx      0x000034a4        0x8
 *(.ARM.exidx* .gnu.linkonce.armexidx.*)
 .ARM.exidx     0x000034a4        0x8 c:/program files/simplicity studio/v4/developer/toolchains/gnu_arm/7.2_2017q4/bin/../lib/gcc/arm-none-eabi/7.2.1/../../../../arm-none-eabi/lib/thumb/v7-m/crt0.o
                0x000034ac                __exidx_end = .
                0x000034ac                __etext = .

.rel.dyn        0x000034ac        0x0
 .rel.iplt      0x000034ac        0x0 c:/program files/simplicity studio/v4/developer/toolchains/gnu_arm/7.2_2017q4/bin/../lib/gcc/arm-none-eabi/7.2.1/thumb/v7-m/crtbegin.o

.data           0x20000000      0x138 load address 0x000034ac
                0x20000000                __data_start__ = .
 *(vtable)
 *(.data*)
 .data.SystemHFXOClock
                0x20000000        0x4 ./CMSIS/EFM32GG/system_efm32gg.o
 .data.SystemLFXOClock
                0x20000004        0x4 ./CMSIS/EFM32GG/system_efm32gg.o
 .data.SystemCoreClock
                0x20000008        0x4 ./CMSIS/EFM32GG/system_efm32gg.o
                0x20000008                SystemCoreClock
 .data.Text     0x2000000c       0xc4 ./src/segmentlcd_individual.o
                0x2000000c                Text
 .data.impure_data
                0x200000d0       0x60 c:/program files/simplicity studio/v4/developer/toolchains/gnu_arm/7.2_2017q4/bin/../lib/gcc/arm-none-eabi/7.2.1/../../../../arm-none-eabi/lib/thumb/v7-m\libc_nano.a(lib_a-impure.o)
                0x20000130                . = ALIGN (0x4)
                [!provide]                PROVIDE (__ram_func_section_start, .)
 *(.ram)
                [!provide]                PROVIDE (__ram_func_section_end, .)
                0x20000130                . = ALIGN (0x4)
                0x20000130                PROVIDE (__preinit_array_start, .)
 *(.preinit_array)
                0x20000130                PROVIDE (__preinit_array_end, .)
                0x20000130                . = ALIGN (0x4)
                0x20000130                PROVIDE (__init_array_start, .)
 *(SORT_BY_NAME(.init_array.*))
 *(.init_array)
 .init_array    0x20000130        0x4 c:/program files/simplicity studio/v4/developer/toolchains/gnu_arm/7.2_2017q4/bin/../lib/gcc/arm-none-eabi/7.2.1/thumb/v7-m/crtbegin.o
                0x20000134                PROVIDE (__init_array_end, .)
                0x20000134                . = ALIGN (0x4)
                [!provide]                PROVIDE (__fini_array_start, .)
 *(SORT_BY_NAME(.fini_array.*))
 *(.fini_array)
 .fini_array    0x20000134        0x4 c:/program files/simplicity studio/v4/developer/toolchains/gnu_arm/7.2_2017q4/bin/../lib/gcc/arm-none-eabi/7.2.1/thumb/v7-m/crtbegin.o
                [!provide]                PROVIDE (__fini_array_end, .)
 *(.jcr*)
                0x20000138                . = ALIGN (0x4)
                0x20000138                __data_end__ = .

.igot.plt       0x20000138        0x0 load address 0x000035e4
 .igot.plt      0x20000138        0x0 c:/program files/simplicity studio/v4/developer/toolchains/gnu_arm/7.2_2017q4/bin/../lib/gcc/arm-none-eabi/7.2.1/thumb/v7-m/crtbegin.o

.bss            0x20000138       0x70 load address 0x000035e4
                0x20000138                . = ALIGN (0x4)
                0x20000138                __bss_start__ = .
 *(.bss*)
 .bss           0x20000138       0x1c c:/program files/simplicity studio/v4/developer/toolchains/gnu_arm/7.2_2017q4/bin/../lib/gcc/arm-none-eabi/7.2.1/thumb/v7-m/crtbegin.o
 .bss.gpioCallbacks
                0x20000154       0x40 ./Drivers/gpiointerrupt.o
 *(COMMON)
 COMMON         0x20000194       0x13 ./src/main.o
                0x20000194                btn0Flag
                0x20000195                btn1Flag
                0x20000198                lowerCharSegments
                0x200001a6                timerFlag
                0x200001a8                . = ALIGN (0x4)
 *fill*         0x200001a7        0x1 
                0x200001a8                __bss_end__ = .

.heap           0x200001a8      0xc00
                0x200001a8                __HeapBase = .
                0x200001a8                __end__ = .
                0x200001a8                end = __end__
                0x200001a8                _end = __end__
 *(.heap*)
 .heap          0x200001a8      0xc00 ./CMSIS/EFM32GG/startup_gcc_efm32gg.o
                0x20000da8                __HeapLimit = .

.stack_dummy    0x200001a8      0x400
 *(.stack*)
 .stack         0x200001a8      0x400 ./CMSIS/EFM32GG/startup_gcc_efm32gg.o
                0x20020000                __StackTop = (ORIGIN (RAM) + LENGTH (RAM))
                0x2001fc00                __StackLimit = (__StackTop - SIZEOF (.stack_dummy))
                0x20020000                PROVIDE (__stack, __StackTop)
                0x00000001                ASSERT ((__StackLimit >= __HeapLimit), region RAM overflowed with stack)
                0x00000001                ASSERT ((LENGTH (FLASH) >= (__etext + SIZEOF (.data))), FLASH memory overflowed !)
OUTPUT(EZAHAZI.axf elf32-littlearm)

.ARM.attributes
                0x00000000       0x29
 .ARM.attributes
                0x00000000       0x1d c:/program files/simplicity studio/v4/developer/toolchains/gnu_arm/7.2_2017q4/bin/../lib/gcc/arm-none-eabi/7.2.1/thumb/v7-m/crti.o
 .ARM.attributes
                0x0000001d       0x2d c:/program files/simplicity studio/v4/developer/toolchains/gnu_arm/7.2_2017q4/bin/../lib/gcc/arm-none-eabi/7.2.1/thumb/v7-m/crtbegin.o
 .ARM.attributes
                0x0000004a       0x1b c:/program files/simplicity studio/v4/developer/toolchains/gnu_arm/7.2_2017q4/bin/../lib/gcc/arm-none-eabi/7.2.1/../../../../arm-none-eabi/lib/thumb/v7-m/crt0.o
 .ARM.attributes
                0x00000065       0x1b ./CMSIS/EFM32GG/startup_gcc_efm32gg.o
 .ARM.attributes
                0x00000080       0x33 ./CMSIS/EFM32GG/system_efm32gg.o
 .ARM.attributes
                0x000000b3       0x33 ./Drivers/gpiointerrupt.o
 .ARM.attributes
                0x000000e6       0x33 ./Drivers/segmentlcd.o
 .ARM.attributes
                0x00000119       0x33 ./emlib/em_assert.o
 .ARM.attributes
                0x0000014c       0x33 ./emlib/em_cmu.o
 .ARM.attributes
                0x0000017f       0x33 ./emlib/em_core.o
 .ARM.attributes
                0x000001b2       0x33 ./emlib/em_gpio.o
 .ARM.attributes
                0x000001e5       0x33 ./emlib/em_lcd.o
 .ARM.attributes
                0x00000218       0x33 ./emlib/em_system.o
 .ARM.attributes
                0x0000024b       0x33 ./emlib/em_timer.o
 .ARM.attributes
                0x0000027e       0x33 ./src/functions.o
 .ARM.attributes
                0x000002b1       0x33 ./src/main.o
 .ARM.attributes
                0x000002e4       0x33 ./src/segmentlcd_individual.o
 .ARM.attributes
                0x00000317       0x2d c:/program files/simplicity studio/v4/developer/toolchains/gnu_arm/7.2_2017q4/bin/../lib/gcc/arm-none-eabi/7.2.1/../../../../arm-none-eabi/lib/thumb/v7-m\libc_nano.a(lib_a-abs.o)
 .ARM.attributes
                0x00000344       0x2d c:/program files/simplicity studio/v4/developer/toolchains/gnu_arm/7.2_2017q4/bin/../lib/gcc/arm-none-eabi/7.2.1/../../../../arm-none-eabi/lib/thumb/v7-m\libc_nano.a(lib_a-exit.o)
 .ARM.attributes
                0x00000371       0x2d c:/program files/simplicity studio/v4/developer/toolchains/gnu_arm/7.2_2017q4/bin/../lib/gcc/arm-none-eabi/7.2.1/../../../../arm-none-eabi/lib/thumb/v7-m\libc_nano.a(lib_a-impure.o)
 .ARM.attributes
                0x0000039e       0x2d c:/program files/simplicity studio/v4/developer/toolchains/gnu_arm/7.2_2017q4/bin/../lib/gcc/arm-none-eabi/7.2.1/../../../../arm-none-eabi/lib/thumb/v7-m\libc_nano.a(lib_a-init.o)
 .ARM.attributes
                0x000003cb       0x2d c:/program files/simplicity studio/v4/developer/toolchains/gnu_arm/7.2_2017q4/bin/../lib/gcc/arm-none-eabi/7.2.1/../../../../arm-none-eabi/lib/thumb/v7-m\libc_nano.a(lib_a-memset.o)
 .ARM.attributes
                0x000003f8       0x2d c:/program files/simplicity studio/v4/developer/toolchains/gnu_arm/7.2_2017q4/bin/../lib/gcc/arm-none-eabi/7.2.1/../../../../arm-none-eabi/lib/thumb/v7-m\libnosys.a(_exit.o)
 .ARM.attributes
                0x00000425       0x2d c:/program files/simplicity studio/v4/developer/toolchains/gnu_arm/7.2_2017q4/bin/../lib/gcc/arm-none-eabi/7.2.1/thumb/v7-m/crtend.o
 .ARM.attributes
                0x00000452       0x1d c:/program files/simplicity studio/v4/developer/toolchains/gnu_arm/7.2_2017q4/bin/../lib/gcc/arm-none-eabi/7.2.1/thumb/v7-m/crtn.o

.comment        0x00000000       0x7e
 .comment       0x00000000       0x7e ./CMSIS/EFM32GG/system_efm32gg.o
                                 0x7f (size before relaxing)
 .comment       0x0000007e       0x7f ./Drivers/gpiointerrupt.o
 .comment       0x0000007e       0x7f ./Drivers/segmentlcd.o
 .comment       0x0000007e       0x7f ./emlib/em_assert.o
 .comment       0x0000007e       0x7f ./emlib/em_cmu.o
 .comment       0x0000007e       0x7f ./emlib/em_core.o
 .comment       0x0000007e       0x7f ./emlib/em_gpio.o
 .comment       0x0000007e       0x7f ./emlib/em_lcd.o
 .comment       0x0000007e       0x7f ./emlib/em_system.o
 .comment       0x0000007e       0x7f ./emlib/em_timer.o
 .comment       0x0000007e       0x7f ./src/functions.o
 .comment       0x0000007e       0x7f ./src/main.o
 .comment       0x0000007e       0x7f ./src/segmentlcd_individual.o

.debug_line     0x00000000     0x88e3
 .debug_line    0x00000000       0x72 ./CMSIS/EFM32GG/startup_gcc_efm32gg.o
 .debug_line    0x00000072      0x847 ./CMSIS/EFM32GG/system_efm32gg.o
 .debug_line    0x000008b9      0x963 ./Drivers/gpiointerrupt.o
 .debug_line    0x0000121c      0xd93 ./Drivers/segmentlcd.o
 .debug_line    0x00001faf      0x135 ./emlib/em_assert.o
 .debug_line    0x000020e4     0x1143 ./emlib/em_cmu.o
 .debug_line    0x00003227      0xb74 ./emlib/em_core.o
 .debug_line    0x00003d9b      0xaad ./emlib/em_gpio.o
 .debug_line    0x00004848      0xa75 ./emlib/em_lcd.o
 .debug_line    0x000052bd      0x82c ./emlib/em_system.o
 .debug_line    0x00005ae9      0xb03 ./emlib/em_timer.o
 .debug_line    0x000065ec      0xdba ./src/functions.o
 .debug_line    0x000073a6      0xcb9 ./src/main.o
 .debug_line    0x0000805f      0x884 ./src/segmentlcd_individual.o

.debug_info     0x00000000     0xa15e
 .debug_info    0x00000000       0x26 ./CMSIS/EFM32GG/startup_gcc_efm32gg.o
 .debug_info    0x00000026      0x7a7 ./CMSIS/EFM32GG/system_efm32gg.o
 .debug_info    0x000007cd      0x7f5 ./Drivers/gpiointerrupt.o
 .debug_info    0x00000fc2     0x1bfd ./Drivers/segmentlcd.o
 .debug_info    0x00002bbf       0x7e ./emlib/em_assert.o
 .debug_info    0x00002c3d     0x1624 ./emlib/em_cmu.o
 .debug_info    0x00004261      0xda0 ./emlib/em_core.o
 .debug_info    0x00005001      0x6f4 ./emlib/em_gpio.o
 .debug_info    0x000056f5      0xb0e ./emlib/em_lcd.o
 .debug_info    0x00006203      0x2d6 ./emlib/em_system.o
 .debug_info    0x000064d9      0x9e7 ./emlib/em_timer.o
 .debug_info    0x00006ec0     0x1216 ./src/functions.o
 .debug_info    0x000080d6     0x19ba ./src/main.o
 .debug_info    0x00009a90      0x6ce ./src/segmentlcd_individual.o

.debug_abbrev   0x00000000     0x1cc2
 .debug_abbrev  0x00000000       0x14 ./CMSIS/EFM32GG/startup_gcc_efm32gg.o
 .debug_abbrev  0x00000014      0x1eb ./CMSIS/EFM32GG/system_efm32gg.o
 .debug_abbrev  0x000001ff      0x289 ./Drivers/gpiointerrupt.o
 .debug_abbrev  0x00000488      0x2ba ./Drivers/segmentlcd.o
 .debug_abbrev  0x00000742       0x68 ./emlib/em_assert.o
 .debug_abbrev  0x000007aa      0x2ed ./emlib/em_cmu.o
 .debug_abbrev  0x00000a97      0x28f ./emlib/em_core.o
 .debug_abbrev  0x00000d26      0x203 ./emlib/em_gpio.o
 .debug_abbrev  0x00000f29      0x24b ./emlib/em_lcd.o
 .debug_abbrev  0x00001174      0x153 ./emlib/em_system.o
 .debug_abbrev  0x000012c7      0x234 ./emlib/em_timer.o
 .debug_abbrev  0x000014fb      0x2dc ./src/functions.o
 .debug_abbrev  0x000017d7      0x35d ./src/main.o
 .debug_abbrev  0x00001b34      0x18e ./src/segmentlcd_individual.o

.debug_aranges  0x00000000      0x710
 .debug_aranges
                0x00000000       0x20 ./CMSIS/EFM32GG/startup_gcc_efm32gg.o
 .debug_aranges
                0x00000020       0x70 ./CMSIS/EFM32GG/system_efm32gg.o
 .debug_aranges
                0x00000090       0x68 ./Drivers/gpiointerrupt.o
 .debug_aranges
                0x000000f8       0xc8 ./Drivers/segmentlcd.o
 .debug_aranges
                0x000001c0       0x20 ./emlib/em_assert.o
 .debug_aranges
                0x000001e0      0x180 ./emlib/em_cmu.o
 .debug_aranges
                0x00000360       0xe8 ./emlib/em_core.o
 .debug_aranges
                0x00000448       0x78 ./emlib/em_gpio.o
 .debug_aranges
                0x000004c0       0xa8 ./emlib/em_lcd.o
 .debug_aranges
                0x00000568       0x28 ./emlib/em_system.o
 .debug_aranges
                0x00000590       0x60 ./emlib/em_timer.o
 .debug_aranges
                0x000005f0       0x70 ./src/functions.o
 .debug_aranges
                0x00000660       0x78 ./src/main.o
 .debug_aranges
                0x000006d8       0x38 ./src/segmentlcd_individual.o

.debug_str      0x00000000    0xdf925
 .debug_str     0x00000000       0x92 ./CMSIS/EFM32GG/startup_gcc_efm32gg.o
 .debug_str     0x00000092    0xd2822 ./CMSIS/EFM32GG/system_efm32gg.o
                              0xd2eaa (size before relaxing)
 .debug_str     0x000d28b4     0x13ef ./Drivers/gpiointerrupt.o
                              0xd3f8e (size before relaxing)
 .debug_str     0x000d3ca3     0x7abb ./Drivers/segmentlcd.o
                              0xdb19e (size before relaxing)
 .debug_str     0x000db75e       0x1f ./emlib/em_assert.o
                               0x2da1 (size before relaxing)
 .debug_str     0x000db77d      0xf35 ./emlib/em_cmu.o
                              0xd6d0c (size before relaxing)
 .debug_str     0x000dc6b2      0x372 ./emlib/em_core.o
                              0xd3af6 (size before relaxing)
 .debug_str     0x000dca24      0x3a0 ./emlib/em_gpio.o
                              0xd3704 (size before relaxing)
 .debug_str     0x000dcdc4      0x35f ./emlib/em_lcd.o
                              0xd336a (size before relaxing)
 .debug_str     0x000dd123       0xac ./emlib/em_system.o
                              0xd2f99 (size before relaxing)
 .debug_str     0x000dd1cf      0xa94 ./emlib/em_timer.o
                              0xd3687 (size before relaxing)
 .debug_str     0x000ddc63      0x2f5 ./src/functions.o
                              0xd92c7 (size before relaxing)
 .debug_str     0x000ddf58      0xb35 ./src/main.o
                              0xdbc55 (size before relaxing)
 .debug_str     0x000dea8d      0xe98 ./src/segmentlcd_individual.o
                              0xd3c59 (size before relaxing)

.debug_loc      0x00000000     0x3940
 .debug_loc     0x00000000      0x31c ./CMSIS/EFM32GG/system_efm32gg.o
 .debug_loc     0x0000031c      0x338 ./Drivers/gpiointerrupt.o
 .debug_loc     0x00000654      0x66a ./Drivers/segmentlcd.o
 .debug_loc     0x00000cbe       0x38 ./emlib/em_assert.o
 .debug_loc     0x00000cf6      0xde0 ./emlib/em_cmu.o
 .debug_loc     0x00001ad6      0x844 ./emlib/em_core.o
 .debug_loc     0x0000231a      0x3e4 ./emlib/em_gpio.o
 .debug_loc     0x000026fe      0x60c ./emlib/em_lcd.o
 .debug_loc     0x00002d0a       0xac ./emlib/em_system.o
 .debug_loc     0x00002db6      0x2e8 ./emlib/em_timer.o
 .debug_loc     0x0000309e      0x394 ./src/functions.o
 .debug_loc     0x00003432      0x3b6 ./src/main.o
 .debug_loc     0x000037e8      0x158 ./src/segmentlcd_individual.o

.debug_ranges   0x00000000      0x620
 .debug_ranges  0x00000000       0x60 ./CMSIS/EFM32GG/system_efm32gg.o
 .debug_ranges  0x00000060       0x58 ./Drivers/gpiointerrupt.o
 .debug_ranges  0x000000b8       0xb8 ./Drivers/segmentlcd.o
 .debug_ranges  0x00000170       0x10 ./emlib/em_assert.o
 .debug_ranges  0x00000180      0x170 ./emlib/em_cmu.o
 .debug_ranges  0x000002f0       0xd8 ./emlib/em_core.o
 .debug_ranges  0x000003c8       0x68 ./emlib/em_gpio.o
 .debug_ranges  0x00000430       0x98 ./emlib/em_lcd.o
 .debug_ranges  0x000004c8       0x18 ./emlib/em_system.o
 .debug_ranges  0x000004e0       0x50 ./emlib/em_timer.o
 .debug_ranges  0x00000530       0x60 ./src/functions.o
 .debug_ranges  0x00000590       0x68 ./src/main.o
 .debug_ranges  0x000005f8       0x28 ./src/segmentlcd_individual.o

.debug_macro    0x00000000     0x31d1
 .debug_macro   0x00000000      0x28e ./CMSIS/EFM32GG/system_efm32gg.o
 .debug_macro   0x0000028e      0x2c5 ./Drivers/gpiointerrupt.o
 .debug_macro   0x00000553       0xba ./Drivers/gpiointerrupt.o
 .debug_macro   0x0000060d      0x432 ./Drivers/segmentlcd.o
 .debug_macro   0x00000a3f       0x16 ./Drivers/segmentlcd.o
 .debug_macro   0x00000a55       0x97 ./Drivers/segmentlcd.o
 .debug_macro   0x00000aec       0xf6 ./Drivers/segmentlcd.o
 .debug_macro   0x00000be2       0x10 ./Drivers/segmentlcd.o
 .debug_macro   0x00000bf2       0x10 ./Drivers/segmentlcd.o
 .debug_macro   0x00000c02       0xb6 ./Drivers/segmentlcd.o
 .debug_macro   0x00000cb8       0x16 ./Drivers/segmentlcd.o
 .debug_macro   0x00000cce      0x129 ./Drivers/segmentlcd.o
 .debug_macro   0x00000df7       0x16 ./Drivers/segmentlcd.o
 .debug_macro   0x00000e0d       0x16 ./Drivers/segmentlcd.o
 .debug_macro   0x00000e23       0x22 ./Drivers/segmentlcd.o
 .debug_macro   0x00000e45       0x1d ./Drivers/segmentlcd.o
 .debug_macro   0x00000e62      0x117 ./Drivers/segmentlcd.o
 .debug_macro   0x00000f79       0x22 ./Drivers/segmentlcd.o
 .debug_macro   0x00000f9b       0x23 ./emlib/em_assert.o
 .debug_macro   0x00000fbe      0x367 ./emlib/em_cmu.o
 .debug_macro   0x00001325       0x58 ./emlib/em_cmu.o
 .debug_macro   0x0000137d      0x34d ./emlib/em_cmu.o
 .debug_macro   0x000016ca       0x25 ./emlib/em_cmu.o
 .debug_macro   0x000016ef       0xee ./emlib/em_cmu.o
 .debug_macro   0x000017dd       0x1f ./emlib/em_cmu.o
 .debug_macro   0x000017fc      0x2c0 ./emlib/em_core.o
 .debug_macro   0x00001abc       0x63 ./emlib/em_core.o
 .debug_macro   0x00001b1f      0x2a7 ./emlib/em_gpio.o
 .debug_macro   0x00001dc6      0x29b ./emlib/em_lcd.o
 .debug_macro   0x00002061       0x17 ./emlib/em_lcd.o
 .debug_macro   0x00002078      0x295 ./emlib/em_system.o
 .debug_macro   0x0000230d      0x295 ./emlib/em_timer.o
 .debug_macro   0x000025a2       0x79 ./emlib/em_timer.o
 .debug_macro   0x0000261b      0x3c9 ./src/functions.o
 .debug_macro   0x000029e4       0x10 ./src/functions.o
 .debug_macro   0x000029f4       0x10 ./src/functions.o
 .debug_macro   0x00002a04       0x10 ./src/functions.o
 .debug_macro   0x00002a14       0x10 ./src/functions.o
 .debug_macro   0x00002a24       0x2e ./src/functions.o
 .debug_macro   0x00002a52      0x447 ./src/main.o
 .debug_macro   0x00002e99       0x7f ./src/main.o
 .debug_macro   0x00002f18       0x16 ./src/main.o
 .debug_macro   0x00002f2e      0x2a3 ./src/segmentlcd_individual.o

.debug_frame    0x00000000     0x1b88
 .debug_frame   0x00000000      0x180 ./CMSIS/EFM32GG/system_efm32gg.o
 .debug_frame   0x00000180      0x184 ./Drivers/gpiointerrupt.o
 .debug_frame   0x00000304      0x318 ./Drivers/segmentlcd.o
 .debug_frame   0x0000061c       0x2c ./emlib/em_assert.o
 .debug_frame   0x00000648      0x66c ./emlib/em_cmu.o
 .debug_frame   0x00000cb4      0x3c4 ./emlib/em_core.o
 .debug_frame   0x00001078      0x1cc ./emlib/em_gpio.o
 .debug_frame   0x00001244      0x2bc ./emlib/em_lcd.o
 .debug_frame   0x00001500       0x5c ./emlib/em_system.o
 .debug_frame   0x0000155c      0x15c ./emlib/em_timer.o
 .debug_frame   0x000016b8      0x1ac ./src/functions.o
 .debug_frame   0x00001864      0x1c8 ./src/main.o
 .debug_frame   0x00001a2c       0xa8 ./src/segmentlcd_individual.o
 .debug_frame   0x00001ad4       0x20 c:/program files/simplicity studio/v4/developer/toolchains/gnu_arm/7.2_2017q4/bin/../lib/gcc/arm-none-eabi/7.2.1/../../../../arm-none-eabi/lib/thumb/v7-m\libc_nano.a(lib_a-abs.o)
 .debug_frame   0x00001af4       0x28 c:/program files/simplicity studio/v4/developer/toolchains/gnu_arm/7.2_2017q4/bin/../lib/gcc/arm-none-eabi/7.2.1/../../../../arm-none-eabi/lib/thumb/v7-m\libc_nano.a(lib_a-exit.o)
 .debug_frame   0x00001b1c       0x2c c:/program files/simplicity studio/v4/developer/toolchains/gnu_arm/7.2_2017q4/bin/../lib/gcc/arm-none-eabi/7.2.1/../../../../arm-none-eabi/lib/thumb/v7-m\libc_nano.a(lib_a-init.o)
 .debug_frame   0x00001b48       0x20 c:/program files/simplicity studio/v4/developer/toolchains/gnu_arm/7.2_2017q4/bin/../lib/gcc/arm-none-eabi/7.2.1/../../../../arm-none-eabi/lib/thumb/v7-m\libc_nano.a(lib_a-memset.o)
 .debug_frame   0x00001b68       0x20 c:/program files/simplicity studio/v4/developer/toolchains/gnu_arm/7.2_2017q4/bin/../lib/gcc/arm-none-eabi/7.2.1/../../../../arm-none-eabi/lib/thumb/v7-m\libnosys.a(_exit.o)
